Microchip MPLAB XC8 Compiler V2.45

Linker command line:

-W-3 \
  --edf=C:\Program Files\Microchip\xc8\v2.45\pic\dat\20230818022343_en.msgs \
  -cn -h+dist/default/debug\Projects.debug.sym \
  --cmf=dist/default/debug\Projects.debug.cmf -z -w9 --disl=596:off \
  -Q18F4620 -oC:\Users\MOHAMM~1\AppData\Local\Temp\xcAsm44.\driver_tmp_3.o \
  --defsym=__MPLAB_BUILD=1 -Mdist/default/debug/Projects.debug.map \
  --md=C:\Users\MOHAMM~1\AppData\Local\Temp\xcAsm44.\driver_tmp_0.dat -E1 \
  -ver=XC8 Compiler --acfsm=1493 -ACODE=00h-0FFFFh -ACONST=00h-0FFFFh \
  -ASMALLCONST=01000h-010FFhx240 -AMEDIUMCONST=01000h-0FFFFh \
  -ACOMRAM=01h-07Fh -AABS1=00h-0F7Fh -ABIGRAM=01h-0F7Fh \
  -ARAM=080h-0FFh,0100h-01FFhx14,0F00h-0F7Fh -ABANK0=080h-0FFh \
  -ABANK1=0100h-01FFh -ABANK2=0200h-02FFh -ABANK3=0300h-03FFh \
  -ABANK4=0400h-04FFh -ABANK5=0500h-05FFh -ABANK6=0600h-06FFh \
  -ABANK7=0700h-07FFh -ABANK8=0800h-08FFh -ABANK9=0900h-09FFh \
  -ABANK10=0A00h-0AFFh -ABANK11=0B00h-0BFFh -ABANK12=0C00h-0CFFh \
  -ABANK13=0D00h-0DFFh -ABANK14=0E00h-0EFFh -ABANK15=0F00h-0F7Fh \
  -ASFR=0F80h-0FFFh -ABIGSFR=0F80h-0FFFh -ACONFIG=0300000h-030000Dh \
  -AIDLOC=0200000h-0200007h -AEEDATA=0F00000h-0F003FFh -peeprom_data=EEDATA \
  -preset_vec=00h,intcode,intcodelo,powerup,init -pramtop=01000h \
  -psmallconst=SMALLCONST -pmediumconst=MEDIUMCONST -pconst=CONST \
  -AFARRAM=00h-00h \
  -prdata=COMRAM,nvrram=COMRAM,nvbit=COMRAM,rbss=COMRAM,rbit=COMRAM \
  -pfarbss=FARRAM,fardata=FARRAM,nvFARRAM=FARRAM \
  -pintsave_regs=BIGRAM,bigbss=BIGRAM,bigdata=BIGRAM -pbss=RAM \
  -pidata=CODE,irdata=CODE,ibigdata=CODE,ifardata=CODE \
  C:\Users\MOHAMM~1\AppData\Local\Temp\xcAsm44.\driver_tmp_9.o \
  dist/default/debug\Projects.debug.o 

Object code version is 3.11

Machine type is 18F4620



                Name                               Link     Load   Length Selector   Space Scale
C:\Users\MOHAMM~1\AppData\Local\Temp\xcAsm44.\driver_tmp_9.o
                config                           300000   300000        E        0       4
                init                                  6        6        4        0       0
dist/default/debug\Projects.debug.o
                intcode                               0        0        6        0       0
                config                           300000   300000        E        0       4
                temp                                 71       71        1        1       1
                smallconst                         1000     1000        2      800       0
                text17                             1F70     1F70        4      F9B       0
                text16                             1F6C     1F6C        4      F9B       0
                text15                             1F68     1F68        4      F9B       0
                text14                             1F64     1F64        4      F9B       0
                text13                             1F60     1F60        4      F9B       0
                text12                             1F5C     1F5C        4      F9B       0
                text11                             1F58     1F58        4      F9B       0
                text10                             1F54     1F54        4      F9B       0
                intcode_body                       185C     185C      1D2      801       0
                text8                              1002     1002      4C0      801       0
                text7                              14C2     14C2      39A      801       0
                text6                              1D5C     1D5C      106      801       0
                text5                              1A2E     1A2E      1B4      801       0
                text4                              1BE2     1BE2      17A      801       0
                text3                              1EFA     1EFA       2A      F7D       0
                text2                              1F42     1F42        C      F9B       0
                text1                              1F4E     1F4E        6      F9B       0
                text0                              1F36     1F36        C      F9B       0
                cstackCOMRAM                          1        1       47        1       1
                cstackBANK0                          BD       BD        B       80       1
                dataBANK0                            80       80       3D       80       1
                dataCOMRAM                           60       60       11        1       1
                bssCOMRAM                            48       48       18        1       1
                cinit                              1E62     1E62       5A      801       0
                idataBANK0                         1EBC     1EBC       3D      801       0
                idataCOMRAM                        1F24     1F24       11      F7D       0

TOTAL           Name                               Link     Load   Length     Space
        CLASS   CODE           
                intcode                               0        0        6         0
                init                                  6        6        4         0
                text17                             1F70     1F70        4         0
                text16                             1F6C     1F6C        4         0
                text15                             1F68     1F68        4         0
                text14                             1F64     1F64        4         0
                text13                             1F60     1F60        4         0
                text12                             1F5C     1F5C        4         0
                text11                             1F58     1F58        4         0
                text10                             1F54     1F54        4         0
                intcode_body                       185C     185C      1D2         0
                text8                              1002     1002      4C0         0
                text7                              14C2     14C2      39A         0
                text6                              1D5C     1D5C      106         0
                text5                              1A2E     1A2E      1B4         0
                text4                              1BE2     1BE2      17A         0
                text3                              1EFA     1EFA       2A         0
                text2                              1F42     1F42        C         0
                text1                              1F4E     1F4E        6         0
                text0                              1F36     1F36        C         0
                cinit                              1E62     1E62       5A         0
                idataBANK0                         1EBC     1EBC       3D         0
                idataCOMRAM                        1F24     1F24       11         0

        CLASS   CONST          

        CLASS   SMALLCONST     
                smallconst                         1000     1000        2         0

        CLASS   MEDIUMCONST    

        CLASS   COMRAM         
                temp                                 71       71        1         1
                cstackCOMRAM                          1        1       47         1
                dataCOMRAM                           60       60       11         1
                bssCOMRAM                            48       48       18         1

        CLASS   ABS1           

        CLASS   BIGRAM         

        CLASS   RAM            

        CLASS   BANK0          
                cstackBANK0                          BD       BD        B         1
                dataBANK0                            80       80       3D         1

        CLASS   BANK1          

        CLASS   BANK2          

        CLASS   BANK3          

        CLASS   BANK4          

        CLASS   BANK5          

        CLASS   BANK6          

        CLASS   BANK7          

        CLASS   BANK8          

        CLASS   BANK9          

        CLASS   BANK10         

        CLASS   BANK11         

        CLASS   BANK12         

        CLASS   BANK13         

        CLASS   BANK14         

        CLASS   BANK15         

        CLASS   SFR            

        CLASS   BIGSFR         

        CLASS   CONFIG         
                config                           300000   300000        E         4

        CLASS   IDLOC          

        CLASS   EEDATA         

        CLASS   FARRAM         

        CLASS   HEAP           

        CLASS   STACK          



SEGMENTS        Name                           Load    Length   Top    Selector   Space  Class

                reset_vec                      000000  00000A  00000A         0       0  CODE    
                cstackCOMRAM                   000001  000071  000072         1       1  COMRAM  
                dataBANK0                      000080  000048  0000C8        80       1  BANK0   
                smallconst                     001000  000002  001002       800       0  SMALLCON
                text8                          001002  000EF7  001EF9       801       0  CODE    
                text3                          001EFA  00003B  001F35       F7D       0  CODE    
                text0                          001F36  00003E  001F74       F9B       0  CODE    


UNUSED ADDRESS RANGES

        Name                Unused          Largest block    Delta
        BANK0            0000C8-0000FF               38
        BANK1            000100-0001FF              100
        BANK10           000A00-000AFF              100
        BANK11           000B00-000BFF              100
        BANK12           000C00-000CFF              100
        BANK13           000D00-000DFF              100
        BANK14           000E00-000EFF              100
        BANK15           000F00-000F7F               80
        BANK2            000200-0002FF              100
        BANK3            000300-0003FF              100
        BANK4            000400-0004FF              100
        BANK5            000500-0005FF              100
        BANK6            000600-0006FF              100
        BANK7            000700-0007FF              100
        BANK8            000800-0008FF              100
        BANK9            000900-0009FF              100
        BIGRAM           000072-00007F                E
                         0000C8-000F7F              EB8
        BIGSFR           000F80-000FFF               80
        CODE             00000A-000FFF              FF6
                         001EF9-001EF9                1
                         001F35-001F35                1
                         001F74-00FFFF             E08C
        COMRAM           000072-00007F                E
        CONST            00000A-000FFF              FF6
                         001EF9-001EF9                1
                         001F35-001F35                1
                         001F74-00FFFF             E08C
        EEDATA           F00000-F003FF              400
        IDLOC            200000-200007                8
        MEDIUMCONST      001EF9-001EF9                1
                         001F35-001F35                1
                         001F74-00FFFF             E08C
        RAM              0000C8-000F7F              100
        SFR              000F80-000FFF               80
        SMALLCONST       001EF9-001EF9                1
                         001F35-001F35                1
                         001F74-00FFFF              100

                                  Symbol Table

?___fladd                                   cstackCOMRAM 000036
?___fldiv                                   cstackCOMRAM 00001D
?___fltol                                   cstackCOMRAM 00000F
?___xxtofl                                  cstackCOMRAM 00000F
EUSART_BAUD_RATE_CALCULATION@Baud_Rate_Temp cstackBANK0  0000C3
EUSART_BAUD_RATE_CALCULATION@_eusart        cstackCOMRAM 000046
EUSART_Init@_eusart                         cstackCOMRAM 000047
EUSART_Init@ret                             cstackBANK0  0000C7
_ADCON0bits                                 (abs)        000FC2
_ADCON1bits                                 (abs)        000FC1
_ADCON2bits                                 (abs)        000FC0
_ADC_ISR                                    text17       001F70
_ADC_InterruptHandler                       bssCOMRAM    000056
_ADRESH                                     (abs)        000FC4
_ADRESL                                     (abs)        000FC3
_BAUDCONbits                                (abs)        000FB8
_EEADR                                      (abs)        000FA9
_EEADRH                                     (abs)        000FAA
_EECON1bits                                 (abs)        000FA6
_EECON2                                     (abs)        000FA7
_EEDATA                                     (abs)        000FA8
_EUSART_BAUD_RATE_CALCULATION               text4        001BE2
_EUSART_BAUD_RATE_CALCULATION$2632          cstackBANK0  0000BF
_EUSART_Init                                text3        001EFA
_INT0_ISR                                   text16       001F6C
_INT0_InterruptHandler                      bssCOMRAM    000054
_INT1_ISR                                   text15       001F68
_INT1_InterruptHandler                      bssCOMRAM    000052
_INT2_ISR                                   text14       001F64
_INT2_InterruptHandler                      bssCOMRAM    000050
_INTCON2bits                                (abs)        000FF1
_INTCON3bits                                (abs)        000FF0
_INTCONbits                                 (abs)        000FF2
_InterruptManager                           intcode      000000
_LATA                                       (abs)        000F89
_LATB                                       (abs)        000F8A
_LATC                                       (abs)        000F8B
_LATD                                       (abs)        000F8C
_LATE                                       (abs)        000F8D
_PIE1bits                                   (abs)        000F9D
_PIR1bits                                   (abs)        000F9E
_PORTA                                      (abs)        000F80
_PORTB                                      (abs)        000F81
_PORTBbits                                  (abs)        000F81
_PORTC                                      (abs)        000F82
_PORTD                                      (abs)        000F83
_PORTE                                      (abs)        000F84
_RB4_ISR                                    text13       001F60
_RB4_InterruptHandler                       bssCOMRAM    00004E
_RB5_ISR                                    text12       001F5C
_RB5_InterruptHandler                       bssCOMRAM    00004C
_RB6_ISR                                    text11       001F58
_RB6_InterruptHandler                       bssCOMRAM    00004A
_RB7_ISR                                    text10       001F54
_RB7_InterruptHandler                       bssCOMRAM    000048
_SPBRG                                      (abs)        000FAF
_TMR0_ISR                                                      
_TRISA                                      (abs)        000F92
_TRISB                                      (abs)        000F93
_TRISC                                      (abs)        000F94
_TRISD                                      (abs)        000F95
_TRISE                                      (abs)        000F96
_TXSTAbits                                  (abs)        000FAC
_ZERO                                       (abs)        007EC2
__HRAM                                      (abs)        000000
__H__absolute__                             __absolute__ 000000
__Habs1                                     abs1         000000
__Hbank0                                    bank0        000000
__Hbank1                                    bank1        000000
__Hbank10                                   bank10       000000
__Hbank11                                   bank11       000000
__Hbank12                                   bank12       000000
__Hbank13                                   bank13       000000
__Hbank14                                   bank14       000000
__Hbank15                                   bank15       000000
__Hbank2                                    bank2        000000
__Hbank3                                    bank3        000000
__Hbank4                                    bank4        000000
__Hbank5                                    bank5        000000
__Hbank6                                    bank6        000000
__Hbank7                                    bank7        000000
__Hbank8                                    bank8        000000
__Hbank9                                    bank9        000000
__Hbigbss                                   bigbss       000000
__Hbigdata                                  bigdata      000000
__Hbigram                                   bigram       000000
__Hbigsfr                                   bigsfr       000000
__Hbss                                      bss          000000
__HbssCOMRAM                                bssCOMRAM    000000
__Hcinit                                    cinit        000000
__Hclrtext                                  clrtext      000000
__Hcomram                                   comram       000000
__Hconfig                                   config       30000E
__Hconst                                    const        000000
__HcstackBANK0                              cstackBANK0  000000
__HcstackCOMRAM                             cstackCOMRAM 000000
__Hdata                                     data         000000
__HdataBANK0                                dataBANK0    000000
__HdataCOMRAM                               dataCOMRAM   000000
__Heeprom_data                              eeprom_data  000000
__Hfarbss                                   farbss       000000
__Hfardata                                  fardata      000000
__Hheap                                     heap         000000
__Hibigdata                                 ibigdata     000000
__Hidata                                    idata        000000
__HidataBANK0                               idataBANK0   000000
__HidataCOMRAM                              idataCOMRAM  000000
__Hidloc                                    idloc        000000
__Hifardata                                 ifardata     000000
__Hinit                                     init         00000A
__Hintcode                                  intcode      000006
__Hintcode_body                             intcode_body 000000
__Hintcodelo                                intcodelo    000006
__Hintentry                                 intentry     000000
__Hintret                                   intret       000000
__Hintsave_regs                             intsave_regs 000000
__Hirdata                                   irdata       000000
__Hmediumconst                              mediumconst  000000
__HnvFARRAM                                 nvFARRAM     000000
__Hnvbit                                    nvbit        000000
__Hnvrram                                   nvrram       000000
__Hparam                                    rparam       000000
__Hpowerup                                  powerup      000006
__Hram                                      ram          000000
__Hramtop                                   ramtop       001000
__Hrbit                                     rbit         000000
__Hrbss                                     rbss         000000
__Hrdata                                    rdata        000000
__Hreset_vec                                reset_vec    000000
__Hrparam                                   rparam       000000
__Hsfr                                      sfr          000000
__Hsmallconst                               smallconst   001002
__Hspace_0                                  (abs)        001F74
__Hspace_1                                  (abs)        0000C8
__Hspace_2                                  (abs)        000000
__Hspace_4                                  (abs)        60000E
__Hstack                                    stack        000000
__Hstruct                                   struct       000000
__Htemp                                     temp         000072
__Htext                                     text         000000
__Htext0                                    text0        000000
__Htext1                                    text1        000000
__Htext10                                   text10       000000
__Htext11                                   text11       000000
__Htext12                                   text12       000000
__Htext13                                   text13       000000
__Htext14                                   text14       000000
__Htext15                                   text15       000000
__Htext16                                   text16       000000
__Htext17                                   text17       000000
__Htext2                                    text2        000000
__Htext3                                    text3        000000
__Htext4                                    text4        000000
__Htext5                                    text5        000000
__Htext6                                    text6        000000
__Htext7                                    text7        000000
__Htext8                                    text8        000000
__LRAM                                      (abs)        000001
__L__absolute__                             __absolute__ 000000
__Labs1                                     abs1         000000
__Lbank0                                    bank0        000000
__Lbank1                                    bank1        000000
__Lbank10                                   bank10       000000
__Lbank11                                   bank11       000000
__Lbank12                                   bank12       000000
__Lbank13                                   bank13       000000
__Lbank14                                   bank14       000000
__Lbank15                                   bank15       000000
__Lbank2                                    bank2        000000
__Lbank3                                    bank3        000000
__Lbank4                                    bank4        000000
__Lbank5                                    bank5        000000
__Lbank6                                    bank6        000000
__Lbank7                                    bank7        000000
__Lbank8                                    bank8        000000
__Lbank9                                    bank9        000000
__Lbigbss                                   bigbss       000000
__Lbigdata                                  bigdata      000000
__Lbigram                                   bigram       000000
__Lbigsfr                                   bigsfr       000000
__Lbss                                      bss          000000
__LbssCOMRAM                                bssCOMRAM    000000
__Lcinit                                    cinit        000000
__Lclrtext                                  clrtext      000000
__Lcomram                                   comram       000000
__Lconfig                                   config       000000
__Lconst                                    const        000000
__LcstackBANK0                              cstackBANK0  000000
__LcstackCOMRAM                             cstackCOMRAM 000000
__Ldata                                     data         000000
__LdataBANK0                                dataBANK0    000000
__LdataCOMRAM                               dataCOMRAM   000000
__Leeprom_data                              eeprom_data  000000
__Lfarbss                                   farbss       000000
__Lfardata                                  fardata      000000
__Lheap                                     heap         000000
__Libigdata                                 ibigdata     000000
__Lidata                                    idata        000000
__LidataBANK0                               idataBANK0   000000
__LidataCOMRAM                              idataCOMRAM  000000
__Lidloc                                    idloc        000000
__Lifardata                                 ifardata     000000
__Linit                                     init         000006
__Lintcode                                  intcode      000000
__Lintcode_body                             intcode_body 000000
__Lintcodelo                                intcodelo    000006
__Lintentry                                 intentry     000000
__Lintret                                   intret       000000
__Lintsave_regs                             intsave_regs 000000
__Lirdata                                   irdata       000000
__Lmediumconst                              mediumconst  000000
__LnvFARRAM                                 nvFARRAM     000000
__Lnvbit                                    nvbit        000000
__Lnvrram                                   nvrram       000000
__Lparam                                    rparam       000000
__Lpowerup                                  powerup      000006
__Lram                                      ram          000000
__Lramtop                                   ramtop       001000
__Lrbit                                     rbit         000000
__Lrbss                                     rbss         000000
__Lrdata                                    rdata        000000
__Lreset_vec                                reset_vec    000000
__Lrparam                                   rparam       000000
__Lsfr                                      sfr          000000
__Lsmallconst                               smallconst   001000
__Lspace_0                                  (abs)        000000
__Lspace_1                                  (abs)        000000
__Lspace_2                                  (abs)        000000
__Lspace_4                                  (abs)        000000
__Lstack                                    stack        000000
__Lstruct                                   struct       000000
__Ltemp                                     temp         000071
__Ltext                                     text         000000
__Ltext0                                    text0        000000
__Ltext1                                    text1        000000
__Ltext10                                   text10       000000
__Ltext11                                   text11       000000
__Ltext12                                   text12       000000
__Ltext13                                   text13       000000
__Ltext14                                   text14       000000
__Ltext15                                   text15       000000
__Ltext16                                   text16       000000
__Ltext17                                   text17       000000
__Ltext2                                    text2        000000
__Ltext3                                    text3        000000
__Ltext4                                    text4        000000
__Ltext5                                    text5        000000
__Ltext6                                    text6        000000
__Ltext7                                    text7        000000
__Ltext8                                    text8        000000
__S0                                        (abs)        001F74
__S1                                        (abs)        0000C8
__S4                                        (abs)        000000
__S5                                        (abs)        000000
___fladd                                    text8        001002
___fladd@a                                  cstackCOMRAM 00003A
___fladd@aexp                               cstackCOMRAM 000043
___fladd@b                                  cstackCOMRAM 000036
___fladd@bexp                               cstackCOMRAM 000044
___fladd@grs                                cstackCOMRAM 000045
___fladd@signs                              cstackCOMRAM 000042
___fldiv                                    text7        0014C2
___fldiv@a                                  cstackCOMRAM 000021
___fldiv@aexp                               cstackCOMRAM 000035
___fldiv@b                                  cstackCOMRAM 00001D
___fldiv@bexp                               cstackCOMRAM 000034
___fldiv@grs                                cstackCOMRAM 000030
___fldiv@new_exp                            cstackCOMRAM 00002E
___fldiv@rem                                cstackCOMRAM 000029
___fldiv@sign                               cstackCOMRAM 00002D
___fltol                                    text6        001D5C
___fltol@exp1                               cstackCOMRAM 000018
___fltol@f1                                 cstackCOMRAM 00000F
___fltol@sign1                              cstackCOMRAM 000017
___heap_hi                                  (abs)        000000
___heap_lo                                  (abs)        000000
___inthi_sp                                 stack        000000
___inthi_stack_hi                           stack        000000
___inthi_stack_lo                           stack        000000
___intlo_sp                                 stack        000000
___intlo_stack_hi                           stack        000000
___intlo_stack_lo                           stack        000000
___param_bank                               (abs)        000000
___rparam_used                              (abs)        000001
___sp                                       stack        000000
___stack_hi                                 stack        000000
___stack_lo                                 stack        000000
___xxtofl                                   text5        001A2E
___xxtofl@arg                               cstackCOMRAM 000019
___xxtofl@exp                               cstackCOMRAM 000018
___xxtofl@sign                              cstackCOMRAM 000017
___xxtofl@val                               cstackCOMRAM 00000F
__accesstop                                 (abs)        000080
__activetblptr                              (abs)        000002
__end_of_ADC_ISR                            text17       001F74
__end_of_EUSART_BAUD_RATE_CALCULATION       text4        001D5C
__end_of_EUSART_Init                        text3        001F24
__end_of_INT0_ISR                           text16       001F70
__end_of_INT1_ISR                           text15       001F6C
__end_of_INT2_ISR                           text14       001F68
__end_of_InterruptManager                   intcode_body 001A2E
__end_of_RB4_ISR                            text13       001F64
__end_of_RB5_ISR                            text12       001F60
__end_of_RB6_ISR                            text11       001F5C
__end_of_RB7_ISR                            text10       001F58
__end_of___fladd                            text8        0014C2
__end_of___fldiv                            text7        00185C
__end_of___fltol                            text6        001E62
__end_of___xxtofl                           text5        001BE2
__end_of__initialization                    cinit        001EAE
__end_of_application_initialize             text1        001F54
__end_of_ecu_layer_init                     text2        001F4E
__end_of_main                               text0        001F42
__initialization                            cinit        001E62
__mediumconst                               mediumconst  000000
__pbssCOMRAM                                bssCOMRAM    000048
__pcinit                                    cinit        001E62
__pcstackBANK0                              cstackBANK0  0000BD
__pcstackCOMRAM                             cstackCOMRAM 000001
__pdataBANK0                                dataBANK0    000080
__pdataCOMRAM                               dataCOMRAM   000060
__pidataBANK0                               idataBANK0   001EBC
__pidataCOMRAM                              idataCOMRAM  001F24
__pintcode                                  intcode      000000
__pintcode_body                             intcode_body 00185C
__psmallconst                               smallconst   001000
__ptext0                                    text0        001F36
__ptext1                                    text1        001F4E
__ptext10                                   text10       001F54
__ptext11                                   text11       001F58
__ptext12                                   text12       001F5C
__ptext13                                   text13       001F60
__ptext14                                   text14       001F64
__ptext15                                   text15       001F68
__ptext16                                   text16       001F6C
__ptext17                                   text17       001F70
__ptext2                                    text2        001F42
__ptext3                                    text3        001EFA
__ptext4                                    text4        001BE2
__ptext5                                    text5        001A2E
__ptext6                                    text6        001D5C
__ptext7                                    text7        0014C2
__ptext8                                    text8        001002
__ramtop                                    ramtop       001000
__smallconst                                smallconst   001000
_adc_1                                      dataBANK0    0000A6
_application_initialize                     text1        001F4E
_ecu_layer_init                             text2        001F42
_keypad_1                                   dataBANK0    00009E
_lat_register                               dataCOMRAM   000060
_lcd_4bit                                   dataCOMRAM   00006A
_lcd_8bit                                   dataBANK0    000094
_main                                       text0        001F36
_port_register                              dataBANK0    000080
_ret                                        dataCOMRAM   000070
_tris_register                              dataBANK0    00008A
_usart_obj                                  dataBANK0    0000AD
_value                                      bssCOMRAM    000058
btemp                                       temp         000071
end_of_initialization                       cinit        001EAE
int$flags                                   temp         000071
int_func                                    intcode_body 00185C
intlevel0                                   text         000000
intlevel1                                   text         000000
intlevel2                                   text         000000
intlevel3                                   text         000000
isa$std                                     (abs)        000001
isa$xinst                                   (abs)        000000
led_initialize@F3063                        bssCOMRAM    00005F
led_switch_off@F3073                        bssCOMRAM    00005D
led_switch_on@F3068                         bssCOMRAM    00005E
led_toggle@F3078                            bssCOMRAM    00005C
relay_initialize@F3057                      bssCOMRAM    00005B
relay_turn_off@F3067                        bssCOMRAM    000059
relay_turn_on@F3062                         bssCOMRAM    00005A
stackhi                                     (abs)        000000
stacklo                                     (abs)        000000
start                                       init         000006
start_initialization                        cinit        001E62
ttemp5                                      temp         000072
ttemp6                                      temp         000075
ttemp7                                      temp         000079
wtemp8                                      temp         000072
